Sequence: ATGCGATCGATCGATGCTAGCTAGATGCGATCGTAGCTAATGCGATCG
Pattern: ATG
Length: 48

Expected matches:
  Match 0: Position 0-3, Text: ATG
  Match 1: Position 13-16, Text: ATG
  Match 2: Position 24-27, Text: ATG
  Match 3: Position 39-42, Text: ATG

Total matches: 4

=== KMP Failure Function Tests ===
Pattern "ATG": [0, 0, 0] => All failures go to q0
Pattern "AAAA": [0, 1, 2, 3] => Failures go to progressively earlier states
Pattern "ABAB": [0, 0, 1, 2] => Failure from q3 goes to q1
Pattern "ATAT": [0, 0, 1, 2] => Failure from q3 goes to q1
